[INFO] Scanning for projects...
[INFO] 
[INFO] ---------------------< com.audio:audio-transcribe >---------------------
[INFO] Building audio-transcibe 0.0.1-SNAPSHOT
[INFO]   from pom.xml
[INFO] --------------------------------[ jar ]---------------------------------
[INFO] 
[INFO] >>> spring-boot:3.2.5:run (default-cli) > test-compile @ audio-transcribe >>>
[INFO] 
[INFO] --- resources:3.3.1:resources (default-resources) @ audio-transcribe ---
[INFO] Copying 1 resource from src/main/resources to target/classes
[INFO] Copying 0 resource from src/main/resources to target/classes
[INFO] 
[INFO] --- compiler:3.11.0:compile (default-compile) @ audio-transcribe ---
[INFO] Nothing to compile - all classes are up to date
[INFO] 
[INFO] --- resources:3.3.1:testResources (default-testResources) @ audio-transcribe ---
[INFO] skip non existing resourceDirectory /Users/aryanjain/Downloads/audio-transcribe/src/test/resources
[INFO] 
[INFO] --- compiler:3.11.0:testCompile (default-testCompile) @ audio-transcribe ---
[INFO] Nothing to compile - all classes are up to date
[INFO] 
[INFO] <<< spring-boot:3.2.5:run (default-cli) < test-compile @ audio-transcribe <<<
[INFO] 
[INFO] 
[INFO] --- spring-boot:3.2.5:run (default-cli) @ audio-transcribe ---
[INFO] Attaching agents: []

  .   ____          _            __ _ _
 /\\ / ___'_ __ _ _(_)_ __  __ _ \ \ \ \
( ( )\___ | '_ | '_| | '_ \/ _` | \ \ \ \
 \\/  ___)| |_)| | | | | || (_| |  ) ) ) )
  '  |____| .__|_| |_|_| |_\__, | / / / /
 =========|_|==============|___/=/_/_/_/
 :: Spring Boot ::                (v3.2.5)

2026-04-16T00:57:01.205+05:30  INFO 11830 --- [audio-transcibe] [           main] c.a.t.AudioTranscibeApplication          : Starting AudioTranscibeApplication using Java 25.0.2 with PID 11830 (/Users/aryanjain/Downloads/audio-transcribe/target/classes started by aryanjain in /Users/aryanjain/Downloads/audio-transcribe)
2026-04-16T00:57:01.206+05:30  INFO 11830 --- [audio-transcibe] [           main] c.a.t.AudioTranscibeApplication          : No active profile set, falling back to 1 default profile: "default"
WARNING: A restricted method in java.lang.System has been called
WARNING: java.lang.System::load has been called by org.apache.tomcat.jni.Library in an unnamed module (file:/Users/aryanjain/.m2/repository/org/apache/tomcat/embed/tomcat-embed-core/10.1.20/tomcat-embed-core-10.1.20.jar)
WARNING: Use --enable-native-access=ALL-UNNAMED to avoid a warning for callers in this module
WARNING: Restricted methods will be blocked in a future release unless native access is enabled

2026-04-16T00:57:01.537+05:30  INFO 11830 --- [audio-transcibe] [           main] o.s.b.w.embedded.tomcat.TomcatWebServer  : Tomcat initialized with port 8081 (http)
2026-04-16T00:57:01.542+05:30  INFO 11830 --- [audio-transcibe] [           main] o.apache.catalina.core.StandardService   : Starting service [Tomcat]
2026-04-16T00:57:01.542+05:30  INFO 11830 --- [audio-transcibe] [           main] o.apache.catalina.core.StandardEngine    : Starting Servlet engine: [Apache Tomcat/10.1.20]
2026-04-16T00:57:01.560+05:30  INFO 11830 --- [audio-transcibe] [           main] o.a.c.c.C.[Tomcat].[localhost].[/]       : Initializing Spring embedded WebApplicationContext
2026-04-16T00:57:01.560+05:30  INFO 11830 --- [audio-transcibe] [           main] w.s.c.ServletWebServerApplicationContext : Root WebApplicationContext: initialization completed in 337 ms
2026-04-16T00:57:01.822+05:30  WARN 11830 --- [audio-transcibe] [           main] ConfigServletWebServerApplicationContext : Exception encountered during context initialization - cancelling refresh attempt: org.springframework.context.ApplicationContextException: Failed to start bean 'webServerStartStop'
2026-04-16T00:57:01.827+05:30  INFO 11830 --- [audio-transcibe] [           main] .s.b.a.l.ConditionEvaluationReportLogger : 

Error starting ApplicationContext. To display the condition evaluation report re-run your application with 'debug' enabled.
2026-04-16T00:57:01.833+05:30 ERROR 11830 --- [audio-transcibe] [           main] o.s.b.d.LoggingFailureAnalysisReporter   : 

***************************
APPLICATION FAILED TO START
***************************

Description:

Web server failed to start. Port 8081 was already in use.

Action:

Identify and stop the process that's listening on port 8081 or configure this application to listen on another port.

[INFO] ------------------------------------------------------------------------
[INFO] BUILD FAILURE
[INFO] ------------------------------------------------------------------------
[INFO] Total time:  1.742 s
[INFO] Finished at: 2026-04-16T00:57:02+05:30
[INFO] ------------------------------------------------------------------------
[ERROR] Failed to execute goal org.springframework.boot:spring-boot-maven-plugin:3.2.5:run (default-cli) on project audio-transcribe: Process terminated with exit code: 1 -> [Help 1]
[ERROR] 
[ERROR] To see the full stack trace of the errors, re-run Maven with the -e switch.
[ERROR] Re-run Maven using the -X switch to enable full debug logging.
[ERROR] 
[ERROR] For more information about the errors and possible solutions, please read the following articles:
[ERROR] [Help 1] http://cwiki.apache.org/confluence/display/MAVEN/MojoExecutionException
